Could not find the file: D:\Desktop\Premium\cs61c\project\fa20-proj3-starter\tests\part_b\custom\inputs/slt.s
